warning: The `UV_NATIVE_TLS` environment variable is deprecated and will be removed in a future release. Use `UV_SYSTEM_CERTS` instead.
bringing up nodes...
bringing up nodes...

........................................................................ [  1%]
........................................................................ [  3%]
........................................................................ [  5%]
........................................................................ [  6%]
........................................................................ [  8%]
........................................................................ [ 10%]
........................................................................ [ 12%]
........................................................................ [ 13%]
........................................................................ [ 15%]
........................................................................ [ 17%]
........................................................................ [ 19%]
........................................................................ [ 20%]
........................................................................ [ 22%]
........................................................................ [ 24%]
........................................................................ [ 25%]
........................................................................ [ 27%]
..............................sss.s..................................... [ 29%]
........................................................................ [ 31%]
........................................................................ [ 32%]
........................................................................ [ 34%]
........................................................................ [ 36%]
........................................................................ [ 38%]
........................................................................ [ 39%]
........................................................................ [ 41%]
........................................................................ [ 43%]
........................................................................ [ 45%]
........................................................................ [ 46%]
........................................................................ [ 48%]
........................................................................ [ 50%]
........................................................................ [ 51%]
........................................................................ [ 53%]
........................................................................ [ 55%]
........................................................................ [ 57%]
........................................................................ [ 58%]
........................................................................ [ 60%]
........................................................................ [ 62%]
........................................................................ [ 64%]
........................................................................ [ 65%]
........................................................................ [ 67%]
........................................................................ [ 69%]
........................................................................ [ 71%]
........................................................................ [ 72%]
........................................................................ [ 74%]
........................................................................ [ 76%]
........................................................................ [ 77%]
........................................................................ [ 79%]
........................................................................ [ 81%]
........................................................................ [ 83%]
........................................................................ [ 84%]
........................................................................ [ 86%]
........................................................................ [ 88%]
........................................................................ [ 90%]
........................................................................ [ 91%]
........................................................................ [ 93%]
........................................................................ [ 95%]
........................................................................ [ 97%]
........................................................................ [ 98%]
..................................................                       [100%]
================================ tests coverage ================================
_______________ coverage: platform linux, python 3.13.16-final-0 _______________

Required test coverage of 90.0% reached. Total coverage: 99.61%
=========================== short test summary info ============================
SKIPPED [1] tests/unit/osm/test_real_osmium_coverage.py:129: osmium binary not installed
SKIPPED [1] tests/unit/osm/test_real_osmium_coverage.py:156: osmium binary not installed
SKIPPED [1] tests/unit/osm/test_real_osmium_coverage.py:216: osmium binary not installed
SKIPPED [1] tests/unit/osm/test_real_osmium_coverage.py:234: osmium binary not installed
4150 passed, 4 skipped in 175.01s (0:02:55)
contexts_exit=0
